---
source: crates/dishaster-trial/tests/snapshot_tests.rs
---
session_info:
  seed: 12933668939759105464
  trigger_topic: queue
  max_continuation_depth: 3
  temperature: 0.8
turns:
  - turn_number: 1
    diner_speeches:
      - id: 49
        text: "自助区的[菜品]经常空着，\\补菜补得又慢，\\我们得等很久才能吃上。"
        emotion: 😠
        gesture: 🤞
        topic: queue
    response_options:
      - speech_id: 49
        keywords:
          - keyword: 菜品
            options:
              - id: 299
                kind: agreement
                summary: 提升体验
              - id: 249
                kind: question
                summary: 高峰时段
              - id: 311
                kind: agreement
                summary: 承认差距
    selected_response:
      speech_id: 49
      keyword_idx: 0
      option_idx: 2
    manager_speeches:
      - id: 311
        summary: 承认差距
        text: "我们意识到菜品结构失衡，\\将尽快推出普惠型营养套餐。"
        emotion: 😔
        gesture: 🙏
    impact:
      reputation_score: -0.5
      mood_change: -0.05
      trust_change: -0.025
      patience_change: -1
    continuation_decision: false
final_state:
  total_turns: 1
  asked_questions:
    - 49
  continuation_depth: 0
