---
source: crates/dishaster-trial/tests/snapshot_tests.rs
---
session_info:
  seed: 928397841245673342
  trigger_topic: praise
  max_continuation_depth: 3
  temperature: 0.8
turns:
  - turn_number: 1
    diner_speeches:
      - id: 61
        text: "这碗[面条]里有焦味，\\可能糊锅了，\\味道让人难以入口。"
        emotion: 😰
        gesture: 🤏
        topic: taste
    response_options:
      - speech_id: 61
        keywords:
          - keyword: 面条
            options:
              - id: 185
                kind: question
                summary: 看清了吗
              - id: 182
                kind: perjury
                summary: 新厨师
    selected_response:
      speech_id: 61
      keyword_idx: 0
      option_idx: 0
    manager_speeches:
      - id: 185
        summary: 看清了吗
        text: "您能确认清楚吗？\\也许只是来询问菜品。"
        emotion: 🤔
    impact:
      reputation_score: -1.135
      mood_change: -0.1135
      trust_change: -0.05675
      patience_change: -2.27
    continuation_decision: false
final_state:
  total_turns: 1
  asked_questions:
    - 61
  continuation_depth: 0
