---
source: crates/dishaster-trial/tests/snapshot_tests.rs
---
session_info:
  seed: 12037529929179472949
  max_continuation_depth: 3
  temperature: 0.8
turns:
  - turn_number: 1
    diner_speeches:
      - id: 82
        text: "这[红烧肉]全是肥肉，\\瘦的都没几块，\\你们是按这个标准配的吗？"
        emotion: 😤
        topic: quality
    response_options: ~
    selected_response: ~
    manager_speeches: ~
    impact: ~
    continuation_decision: ~
final_state:
  total_turns: 1
  asked_questions:
    - 82
  continuation_depth: 0
