---
source: crates/dishaster-trial/tests/snapshot_tests.rs
---
session_info:
  seed: 17217215411128672468
  trigger_topic: price
  max_continuation_depth: 3
  temperature: 0.8
turns:
  - turn_number: 1
    diner_speeches:
      - id: 72
        text: "今天的[菜价]突然上涨，\\没有任何通知，\\学生们都很不满。"
        emotion: 😱
        gesture: 👋
        topic: price
    response_options:
      - speech_id: 72
        keywords:
          - keyword: 菜价
            options:
              - id: 274
                kind: perjury
                summary: 即将降价
    selected_response:
      speech_id: 72
      keyword_idx: 0
      option_idx: 0
    manager_speeches:
      - id: 274
        summary: 即将降价
        text: "其实财务部门已经审批了一份调价单，\\下个月就会有至少五款畅销菜恢复原价。"
        emotion: 😅
    impact:
      reputation_score: -0.15900001
      mood_change: -0.0159
      trust_change: -0.00795
      patience_change: -0.31800002
    continuation_decision: false
final_state:
  total_turns: 1
  asked_questions:
    - 72
  continuation_depth: 0
