---
source: crates/dishaster-trial/tests/snapshot_tests.rs
---
session_info:
  seed: 11162538943635311430
  trigger_topic: quality
  max_continuation_depth: 3
  temperature: 0.8
turns:
  - turn_number: 1
    diner_speeches:
      - id: 36
        text: "这碗[鸡汤]浮着油腻，\\喝一口就觉得不对，\\你们的[食材]到底哪里来的？"
        emotion: 😤
        gesture: 👎
        topic: quality
    response_options:
      - speech_id: 36
        keywords:
          - keyword: 鸡汤
            options:
              - id: 173
                kind: question
                summary: 能看看肉吗
              - id: 254
                kind: perjury
                summary: 设备问题
              - id: 96
                kind: objection
                summary: 检查清洗流程
          - keyword: 食材
            options:
              - id: 164
                kind: objection
                summary: 光照问题
    selected_response:
      speech_id: 36
      keyword_idx: 0
      option_idx: 2
    manager_speeches:
      - id: 96
        summary: 检查清洗流程
        text: "关于粥里沙粒或餐具油渍\\我们会检查清洗流程\\并对相关环节整改，\\同时对受影响的顾客\\提供补偿。"
        emotion: 🤨
    impact:
      reputation_score: -0.06099999
      mood_change: -0.006099999
      trust_change: -0.0030499995
      patience_change: -0.12199998
    continuation_decision: false
final_state:
  total_turns: 1
  asked_questions:
    - 36
  continuation_depth: 0
